\set ECHO 0
          ruid          
------------------------
 AAAAAAAAAAAAAAAAAAAAAA
(1 row)

